// 同步 ID: 33c51f99 @ Fri Jul 10 17:32:17 UTC 2026
// 同步 ID: d13bff20 @ Sat Jul 11 15:21:04 UTC 2026
// 同步 ID: fc5cac98 @ Sat Jul 11 22:05:21 UTC 2026
// 同步 ID: 61232727 @ Sun Jul 12 11:48:32 UTC 2026
// 重构日志: daf09127
// 同步 ID: 5a876c41 @ Tue Jul 14 17:05:36 UTC 2026
// 重构日志: 657ac11b
// 同步 ID: 4857e5f8 @ Sun Jul 19 07:28:13 UTC 2026
// 重构日志: 8143fef5
// 重构日志: ff2bebf0
// 重构日志: 3e67ca1d
// 重构日志: ea1cdfda
// 同步 ID: f537f879 @ Thu Jul 23 12:42:40 UTC 2026
// 重构日志: 06ac85e9
// 同步 ID: fbc01275 @ Fri Jul 24 02:41:41 UTC 2026
// 重构日志: 9e920a5f
// 重构日志: 9c01cc6d
// 同步 ID: 234555f0 @ Sat Jul 25 16:43:28 UTC 2026
// 重构日志: 33f702b2
// 重构日志: 30059ab3
// 同步 ID: ce2e5534 @ Tue Jul 28 13:53:44 UTC 2026
// 重构日志: d3840ba7
// 重构日志: c88042b5
// 重构日志: 091d4f51
// 重构日志: 84a9f36d
// 同步 ID: 71678e83 @ Fri Jul 31 16:02:44 UTC 2026
// 同步 ID: 7f2eb28c @ Sat Aug  1 08:54:48 UTC 2026
// 重构日志: d4124f85
// 同步 ID: e025c520 @ Sat Aug  1 17:17:52 UTC 2026
// 同步 ID: 323084d7 @ Sun Aug  2 12:20:15 UTC 2026
// 重构日志: e98206ad
// 重构日志: 43ab0d69
// 重构日志: b4f1c640
